{"synthetic": false,
 "schemaVersion": "2025-09-10",
 "outputs":
 {"o": ["2561cc091e4d427b.olean"],
  "m": false,
  "i": "1e63a35386df7fe9.ilean",
  "c": "538ade13dec55f9b.c"},
 "log":
 [{"message":
   ".> LEAN_PATH=C:\\Users\\reems\\git-repositories\\GreensRelations\\.lake\\packages\\Cli\\.lake\\build\\lib\\lean;C:\\Users\\reems\\git-repositories\\GreensRelations\\.lake\\packages\\batteries\\.lake\\build\\lib\\lean;C:\\Users\\reems\\git-repositories\\GreensRelations\\.lake\\packages\\Qq\\.lake\\build\\lib\\lean;C:\\Users\\reems\\git-repositories\\GreensRelations\\.lake\\packages\\aesop\\.lake\\build\\lib\\lean;C:\\Users\\reems\\git-repositories\\GreensRelations\\.lake\\packages\\proofwidgets\\.lake\\build\\lib\\lean;C:\\Users\\reems\\git-repositories\\GreensRelations\\.lake\\packages\\importGraph\\.lake\\build\\lib\\lean;C:\\Users\\reems\\git-repositories\\GreensRelations\\.lake\\packages\\LeanSearchClient\\.lake\\build\\lib\\lean;C:\\Users\\reems\\git-repositories\\GreensRelations\\.lake\\packages\\plausible\\.lake\\build\\lib\\lean;C:\\Users\\reems\\git-repositories\\GreensRelations\\.lake\\packages\\mathlib\\.lake\\build\\lib\\lean;C:\\Users\\reems\\git-repositories\\GreensRelations\\.lake\\build\\lib\\lean c:\\Users\\reems\\.elan\\toolchains\\leanprover--lean4---v4.33.0-rc1\\bin\\lean.exe C:\\Users\\reems\\git-repositories\\GreensRelations\\GreensRelations\\FactorizationForest\\Basic.lean -o C:\\Users\\reems\\git-repositories\\GreensRelations\\.lake\\build\\lib\\lean\\GreensRelations\\FactorizationForest\\Basic.olean -i C:\\Users\\reems\\git-repositories\\GreensRelations\\.lake\\build\\lib\\lean\\GreensRelations\\FactorizationForest\\Basic.ilean -c C:\\Users\\reems\\git-repositories\\GreensRelations\\.lake\\build\\ir\\GreensRelations\\FactorizationForest\\Basic.c --setup C:\\Users\\reems\\git-repositories\\GreensRelations\\.lake\\build\\ir\\GreensRelations\\FactorizationForest\\Basic.setup.json --json",
   "level": "trace"},
  {"message":
   "GreensRelations/FactorizationForest/Basic.lean:241:33: `Set.mem_setOf_eq` has been deprecated: Use `Set.mem_ofPred_eq` instead",
   "level": "warning"}],
 "inputs":
 [["deps",
   [["GreensTheorems/GreensRelations:extraDep",
     [["@GreensTheorems:extraDep", "00000000000006bb"]]],
    ["imports",
     [["GreensRelations.FactorizationForest.Defs transitive imports (legacy)",
       "cb24fb1ca4526a65"],
      ["GreensRelations.FactorizationForest.Defs:importAllArts",
       "a239f4d318fdeba8"]]]]],
  ["libs",
   [["import dynlibs", "00000000000006bb"],
    ["package external libraries", "00000000000006bb"],
    ["module dynlibs", "00000000000006bb"],
    ["module plugins", "00000000000006bb"]]],
  ["Lean 4.33.0, commit 62eed1db4d67327ec8120be05f1a1b0847d74561",
   "8fa8fbe052c71a8e"],
  ["C:\\Users\\reems\\git-repositories\\GreensRelations\\GreensRelations\\FactorizationForest\\Basic.lean",
   "200d9400bee73c52"],
  ["options",
   [["-DmaxSynthPendingDepth=3", "c78e353d34de85d4"],
    ["-Dweak.linter.mathlibStandardSet=true", "8a155799906f2b42"],
    ["-DrelaxedAutoImplicit=false", "74a2b5546b55be80"],
    ["-Dpp.unicode.fun=true", "9b94070140457fab"]]],
  ["isModule: false", "feefd2a0d3a1847e"],
  ["Module.name: GreensRelations.FactorizationForest.Basic",
   "88c5534d0416a8f2"],
  ["Package.id?: (some GreensTheorems)", "6ed9172dbfc8f471"],
  ["Module.leanArgs: #[]", "00000000000006bb"]],
 "depHash": "412769036fc19f60"}