{"synthetic": false,
 "schemaVersion": "2025-09-10",
 "outputs":
 {"o": ["b007a8c6d32cacc4.olean"],
  "m": false,
  "i": "7efbb853aeb150bb.ilean",
  "c": "61e496fb5246c2ce.c"},
 "log":
 [{"message":
   ".> LEAN_PATH=C:\\Users\\reems\\git-repositories\\GreensRelations\\.lake\\packages\\Cli\\.lake\\build\\lib\\lean;C:\\Users\\reems\\git-repositories\\GreensRelations\\.lake\\packages\\batteries\\.lake\\build\\lib\\lean;C:\\Users\\reems\\git-repositories\\GreensRelations\\.lake\\packages\\Qq\\.lake\\build\\lib\\lean;C:\\Users\\reems\\git-repositories\\GreensRelations\\.lake\\packages\\aesop\\.lake\\build\\lib\\lean;C:\\Users\\reems\\git-repositories\\GreensRelations\\.lake\\packages\\proofwidgets\\.lake\\build\\lib\\lean;C:\\Users\\reems\\git-repositories\\GreensRelations\\.lake\\packages\\importGraph\\.lake\\build\\lib\\lean;C:\\Users\\reems\\git-repositories\\GreensRelations\\.lake\\packages\\LeanSearchClient\\.lake\\build\\lib\\lean;C:\\Users\\reems\\git-repositories\\GreensRelations\\.lake\\packages\\plausible\\.lake\\build\\lib\\lean;C:\\Users\\reems\\git-repositories\\GreensRelations\\.lake\\packages\\mathlib\\.lake\\build\\lib\\lean;C:\\Users\\reems\\git-repositories\\GreensRelations\\.lake\\build\\lib\\lean c:\\Users\\reems\\.elan\\toolchains\\leanprover--lean4---v4.33.0-rc1\\bin\\lean.exe C:\\Users\\reems\\git-repositories\\GreensRelations\\GreensRelations\\FactorizationForest\\Combine.lean -o C:\\Users\\reems\\git-repositories\\GreensRelations\\.lake\\build\\lib\\lean\\GreensRelations\\FactorizationForest\\Combine.olean -i C:\\Users\\reems\\git-repositories\\GreensRelations\\.lake\\build\\lib\\lean\\GreensRelations\\FactorizationForest\\Combine.ilean -c C:\\Users\\reems\\git-repositories\\GreensRelations\\.lake\\build\\ir\\GreensRelations\\FactorizationForest\\Combine.c --setup C:\\Users\\reems\\git-repositories\\GreensRelations\\.lake\\build\\ir\\GreensRelations\\FactorizationForest\\Combine.setup.json --json",
   "level": "trace"}],
 "inputs":
 [["deps",
   [["GreensTheorems/GreensRelations:extraDep",
     [["@GreensTheorems:extraDep", "00000000000006bb"]]],
    ["imports",
     [["Mathlib.Data.Fintype.Card transitive imports (legacy)",
       "ca86319ee87f14ff"],
      ["Mathlib.Data.Fintype.Card:importAllArts", "98b13857c10a8628"],
      ["Mathlib.Data.Finset.Max transitive imports (legacy)",
       "1a0a231c06238f53"],
      ["Mathlib.Data.Finset.Max:importAllArts", "58df536989245c6d"],
      ["GreensRelations.Order transitive imports (legacy)", "85bdb0fc40a79148"],
      ["GreensRelations.Order:importAllArts", "14c2ced1a2b224f1"],
      ["GreensRelations.FactorizationForest.Basic transitive imports (legacy)",
       "e247171c71dcf9e6"],
      ["GreensRelations.FactorizationForest.Basic:importAllArts",
       "72859555a74976c4"]]]]],
  ["libs",
   [["import dynlibs", "00000000000006bb"],
    ["package external libraries", "00000000000006bb"],
    ["module dynlibs", "00000000000006bb"],
    ["module plugins", "00000000000006bb"]]],
  ["Lean 4.33.0, commit 62eed1db4d67327ec8120be05f1a1b0847d74561",
   "8fa8fbe052c71a8e"],
  ["C:\\Users\\reems\\git-repositories\\GreensRelations\\GreensRelations\\FactorizationForest\\Combine.lean",
   "096532003023e5b0"],
  ["options",
   [["-DmaxSynthPendingDepth=3", "c78e353d34de85d4"],
    ["-Dweak.linter.mathlibStandardSet=true", "8a155799906f2b42"],
    ["-DrelaxedAutoImplicit=false", "74a2b5546b55be80"],
    ["-Dpp.unicode.fun=true", "9b94070140457fab"]]],
  ["isModule: false", "feefd2a0d3a1847e"],
  ["Module.name: GreensRelations.FactorizationForest.Combine",
   "b95c36a19095b24d"],
  ["Package.id?: (some GreensTheorems)", "6ed9172dbfc8f471"],
  ["Module.leanArgs: #[]", "00000000000006bb"]],
 "depHash": "dc33e486e7e88626"}