{"synthetic": false,
 "schemaVersion": "2025-09-10",
 "outputs":
 {"o": ["86307908c3b01f75.olean"],
  "m": false,
  "i": "257c846782591457.ilean",
  "c": "a12e70499f07e198.c"},
 "log":
 [{"message":
   ".> LEAN_PATH=C:\\Users\\reems\\git-repositories\\GreensRelations\\.lake\\packages\\Cli\\.lake\\build\\lib\\lean;C:\\Users\\reems\\git-repositories\\GreensRelations\\.lake\\packages\\batteries\\.lake\\build\\lib\\lean;C:\\Users\\reems\\git-repositories\\GreensRelations\\.lake\\packages\\Qq\\.lake\\build\\lib\\lean;C:\\Users\\reems\\git-repositories\\GreensRelations\\.lake\\packages\\aesop\\.lake\\build\\lib\\lean;C:\\Users\\reems\\git-repositories\\GreensRelations\\.lake\\packages\\proofwidgets\\.lake\\build\\lib\\lean;C:\\Users\\reems\\git-repositories\\GreensRelations\\.lake\\packages\\importGraph\\.lake\\build\\lib\\lean;C:\\Users\\reems\\git-repositories\\GreensRelations\\.lake\\packages\\LeanSearchClient\\.lake\\build\\lib\\lean;C:\\Users\\reems\\git-repositories\\GreensRelations\\.lake\\packages\\plausible\\.lake\\build\\lib\\lean;C:\\Users\\reems\\git-repositories\\GreensRelations\\.lake\\packages\\mathlib\\.lake\\build\\lib\\lean;C:\\Users\\reems\\git-repositories\\GreensRelations\\.lake\\build\\lib\\lean c:\\Users\\reems\\.elan\\toolchains\\leanprover--lean4---v4.33.0-rc1\\bin\\lean.exe C:\\Users\\reems\\git-repositories\\GreensRelations\\GreensRelations\\FactorizationForest\\Irregular.lean -o C:\\Users\\reems\\git-repositories\\GreensRelations\\.lake\\build\\lib\\lean\\GreensRelations\\FactorizationForest\\Irregular.olean -i C:\\Users\\reems\\git-repositories\\GreensRelations\\.lake\\build\\lib\\lean\\GreensRelations\\FactorizationForest\\Irregular.ilean -c C:\\Users\\reems\\git-repositories\\GreensRelations\\.lake\\build\\ir\\GreensRelations\\FactorizationForest\\Irregular.c --setup C:\\Users\\reems\\git-repositories\\GreensRelations\\.lake\\build\\ir\\GreensRelations\\FactorizationForest\\Irregular.setup.json --json",
   "level": "trace"},
  {"message":
   "GreensRelations/FactorizationForest/Irregular.lean:8:0: The module doc-string for a file should be the first command after the imports.\nPlease, add a module doc-string before `namespace FactorizationForest`.\n\nNote: This linter can be disabled with `set_option linter.style.header false`",
   "level": "warning"},
  {"message":
   "GreensRelations/FactorizationForest/Irregular.lean:8:0: The module doc-string for a file should be the first command after the imports.\nPlease, add a module doc-string before `/-!# The Factorization Forest Theorem\n\nThis file proves the irregular case of the Factorization Forest Theorem.\n\n## References\n* [T. Colcombet, *The Factorization Forest Theorem*][colombet2008]\n-/\n`.\n\nNote: This linter can be disabled with `set_option linter.style.header false`",
   "level": "warning"}],
 "inputs":
 [["deps",
   [["GreensTheorems/GreensRelations:extraDep",
     [["@GreensTheorems:extraDep", "00000000000006bb"]]],
    ["imports",
     [["GreensRelations.FactorizationForest.Combine transitive imports (legacy)",
       "ddbf388e35b429a5"],
      ["GreensRelations.FactorizationForest.Combine:importAllArts",
       "d10832d90c98b79e"]]]]],
  ["libs",
   [["import dynlibs", "00000000000006bb"],
    ["package external libraries", "00000000000006bb"],
    ["module dynlibs", "00000000000006bb"],
    ["module plugins", "00000000000006bb"]]],
  ["Lean 4.33.0, commit 62eed1db4d67327ec8120be05f1a1b0847d74561",
   "8fa8fbe052c71a8e"],
  ["C:\\Users\\reems\\git-repositories\\GreensRelations\\GreensRelations\\FactorizationForest\\Irregular.lean",
   "c873e954e34b1ee3"],
  ["options",
   [["-DmaxSynthPendingDepth=3", "c78e353d34de85d4"],
    ["-Dweak.linter.mathlibStandardSet=true", "8a155799906f2b42"],
    ["-DrelaxedAutoImplicit=false", "74a2b5546b55be80"],
    ["-Dpp.unicode.fun=true", "9b94070140457fab"]]],
  ["isModule: false", "feefd2a0d3a1847e"],
  ["Module.name: GreensRelations.FactorizationForest.Irregular",
   "2e675893256e5683"],
  ["Package.id?: (some GreensTheorems)", "6ed9172dbfc8f471"],
  ["Module.leanArgs: #[]", "00000000000006bb"]],
 "depHash": "7f540e59a17d66ad"}