{"synthetic": false,
 "schemaVersion": "2025-09-10",
 "outputs":
 {"o": ["2ed91d7e3845347f.olean"],
  "m": false,
  "i": "6a7e98970679c4b3.ilean",
  "c": "1cccb56fcd03e6f4.c"},
 "log":
 [{"message":
   ".> LEAN_PATH=C:\\Users\\reems\\git-repositories\\lean4-factorization-forest\\.lake\\packages\\Cli\\.lake\\build\\lib\\lean;C:\\Users\\reems\\git-repositories\\lean4-factorization-forest\\.lake\\packages\\batteries\\.lake\\build\\lib\\lean;C:\\Users\\reems\\git-repositories\\lean4-factorization-forest\\.lake\\packages\\Qq\\.lake\\build\\lib\\lean;C:\\Users\\reems\\git-repositories\\lean4-factorization-forest\\.lake\\packages\\aesop\\.lake\\build\\lib\\lean;C:\\Users\\reems\\git-repositories\\lean4-factorization-forest\\.lake\\packages\\proofwidgets\\.lake\\build\\lib\\lean;C:\\Users\\reems\\git-repositories\\lean4-factorization-forest\\.lake\\packages\\importGraph\\.lake\\build\\lib\\lean;C:\\Users\\reems\\git-repositories\\lean4-factorization-forest\\.lake\\packages\\LeanSearchClient\\.lake\\build\\lib\\lean;C:\\Users\\reems\\git-repositories\\lean4-factorization-forest\\.lake\\packages\\plausible\\.lake\\build\\lib\\lean;C:\\Users\\reems\\git-repositories\\lean4-factorization-forest\\.lake\\packages\\mathlib\\.lake\\build\\lib\\lean;C:\\Users\\reems\\git-repositories\\lean4-factorization-forest\\.lake\\build\\lib\\lean c:\\Users\\reems\\.elan\\toolchains\\leanprover--lean4---v4.33.0-rc1\\bin\\lean.exe C:\\Users\\reems\\git-repositories\\lean4-factorization-forest\\Project\\GreensRelations\\MulSeq.lean -o C:\\Users\\reems\\git-repositories\\lean4-factorization-forest\\.lake\\build\\lib\\lean\\Project\\GreensRelations\\MulSeq.olean -i C:\\Users\\reems\\git-repositories\\lean4-factorization-forest\\.lake\\build\\lib\\lean\\Project\\GreensRelations\\MulSeq.ilean -c C:\\Users\\reems\\git-repositories\\lean4-factorization-forest\\.lake\\build\\ir\\Project\\GreensRelations\\MulSeq.c --setup C:\\Users\\reems\\git-repositories\\lean4-factorization-forest\\.lake\\build\\ir\\Project\\GreensRelations\\MulSeq.setup.json --json",
   "level": "trace"}],
 "inputs":
 [["deps",
   [["Project/Project:extraDep", [["@Project:extraDep", "00000000000006bb"]]],
    ["imports",
     [["Project.GreensRelations.Basic transitive imports (legacy)",
       "ad82831593df8a36"],
      ["Project.GreensRelations.Basic:importAllArts", "43ef84ce2e46d9f2"],
      ["Mathlib.Data.Fintype.Pigeonhole transitive imports (legacy)",
       "66348dafde0eb26f"],
      ["Mathlib.Data.Fintype.Pigeonhole:importAllArts", "583890f64cb8e647"]]]]],
  ["libs",
   [["import dynlibs", "00000000000006bb"],
    ["package external libraries", "00000000000006bb"],
    ["module dynlibs", "00000000000006bb"],
    ["module plugins", "00000000000006bb"]]],
  ["Lean 4.33.0, commit 62eed1db4d67327ec8120be05f1a1b0847d74561",
   "8fa8fbe052c71a8e"],
  ["C:\\Users\\reems\\git-repositories\\lean4-factorization-forest\\Project\\GreensRelations\\MulSeq.lean",
   "9ed567430385d632"],
  ["options",
   [["-DmaxSynthPendingDepth=3", "c78e353d34de85d4"],
    ["-Dweak.linter.mathlibStandardSet=true", "8a155799906f2b42"],
    ["-DrelaxedAutoImplicit=false", "74a2b5546b55be80"],
    ["-Dpp.unicode.fun=true", "9b94070140457fab"]]],
  ["isModule: false", "feefd2a0d3a1847e"],
  ["Module.name: Project.GreensRelations.MulSeq", "f649fa3d1d6fdfc0"],
  ["Package.id?: (some Project)", "264312e6c45eec93"],
  ["Module.leanArgs: #[]", "00000000000006bb"]],
 "depHash": "bb6201c7cf92029e"}