{"synthetic": false,
 "schemaVersion": "2025-09-10",
 "outputs":
 {"o": ["710f03cfb262ed3d.olean"],
  "m": false,
  "i": "a8ccc3c5a1c973cd.ilean",
  "c": "63acfc244e53dc08.c"},
 "log":
 [{"message":
   ".> LEAN_PATH=C:\\Users\\reems\\git-repositories\\GreensRelations\\.lake\\packages\\Cli\\.lake\\build\\lib\\lean;C:\\Users\\reems\\git-repositories\\GreensRelations\\.lake\\packages\\batteries\\.lake\\build\\lib\\lean;C:\\Users\\reems\\git-repositories\\GreensRelations\\.lake\\packages\\Qq\\.lake\\build\\lib\\lean;C:\\Users\\reems\\git-repositories\\GreensRelations\\.lake\\packages\\aesop\\.lake\\build\\lib\\lean;C:\\Users\\reems\\git-repositories\\GreensRelations\\.lake\\packages\\proofwidgets\\.lake\\build\\lib\\lean;C:\\Users\\reems\\git-repositories\\GreensRelations\\.lake\\packages\\importGraph\\.lake\\build\\lib\\lean;C:\\Users\\reems\\git-repositories\\GreensRelations\\.lake\\packages\\LeanSearchClient\\.lake\\build\\lib\\lean;C:\\Users\\reems\\git-repositories\\GreensRelations\\.lake\\packages\\plausible\\.lake\\build\\lib\\lean;C:\\Users\\reems\\git-repositories\\GreensRelations\\.lake\\packages\\mathlib\\.lake\\build\\lib\\lean;C:\\Users\\reems\\git-repositories\\GreensRelations\\.lake\\build\\lib\\lean c:\\Users\\reems\\.elan\\toolchains\\leanprover--lean4---v4.33.0-rc1\\bin\\lean.exe C:\\Users\\reems\\git-repositories\\GreensRelations\\GreensRelations\\Basic.lean -o C:\\Users\\reems\\git-repositories\\GreensRelations\\.lake\\build\\lib\\lean\\GreensRelations\\Basic.olean -i C:\\Users\\reems\\git-repositories\\GreensRelations\\.lake\\build\\lib\\lean\\GreensRelations\\Basic.ilean -c C:\\Users\\reems\\git-repositories\\GreensRelations\\.lake\\build\\ir\\GreensRelations\\Basic.c --setup C:\\Users\\reems\\git-repositories\\GreensRelations\\.lake\\build\\ir\\GreensRelations\\Basic.setup.json --json",
   "level": "trace"}],
 "inputs":
 [["deps",
   [["GreensTheorems/GreensRelations:extraDep",
     [["@GreensTheorems:extraDep", "00000000000006bb"]]],
    ["imports",
     [["Mathlib.Algebra.Divisibility.Basic transitive imports (legacy)",
       "ddbffe5eea3e6e1a"],
      ["Mathlib.Algebra.Divisibility.Basic:importAllArts", "a00da4eb3f808be3"],
      ["Mathlib.Algebra.Group.Basic transitive imports (legacy)",
       "f1f45f3b9c5b11a6"],
      ["Mathlib.Algebra.Group.Basic:importAllArts", "d9bb6b3fcc8c9230"],
      ["Mathlib.Data.Setoid.Basic transitive imports (legacy)",
       "330bdc0e2418073c"],
      ["Mathlib.Data.Setoid.Basic:importAllArts", "13c8991b15e95747"],
      ["Mathlib.Algebra.Group.Opposite transitive imports (legacy)",
       "e9282d36be5cc061"],
      ["Mathlib.Algebra.Group.Opposite:importAllArts", "32f148b995a6ddf2"],
      ["Mathlib.Data.Set.Basic transitive imports (legacy)",
       "9bcc63586cc8f27c"],
      ["Mathlib.Data.Set.Basic:importAllArts", "9df5b8529648a3ed"],
      ["Mathlib.Data.Finite.Defs transitive imports (legacy)",
       "30d8eccd5409025b"],
      ["Mathlib.Data.Finite.Defs:importAllArts", "69ad0d8cc2fa3cd7"]]]]],
  ["libs",
   [["import dynlibs", "00000000000006bb"],
    ["package external libraries", "00000000000006bb"],
    ["module dynlibs", "00000000000006bb"],
    ["module plugins", "00000000000006bb"]]],
  ["Lean 4.33.0, commit 62eed1db4d67327ec8120be05f1a1b0847d74561",
   "8fa8fbe052c71a8e"],
  ["C:\\Users\\reems\\git-repositories\\GreensRelations\\GreensRelations\\Basic.lean",
   "554ffcf86a10de53"],
  ["options",
   [["-DmaxSynthPendingDepth=3", "c78e353d34de85d4"],
    ["-Dweak.linter.mathlibStandardSet=true", "8a155799906f2b42"],
    ["-DrelaxedAutoImplicit=false", "74a2b5546b55be80"],
    ["-Dpp.unicode.fun=true", "9b94070140457fab"]]],
  ["isModule: false", "feefd2a0d3a1847e"],
  ["Module.name: GreensRelations.Basic", "12e5e7184728c957"],
  ["Package.id?: (some GreensTheorems)", "6ed9172dbfc8f471"],
  ["Module.leanArgs: #[]", "00000000000006bb"]],
 "depHash": "5ea9730dabeda12d"}