{"synthetic": false,
 "schemaVersion": "2025-09-10",
 "outputs":
 {"o": ["ccc89fa439b562e4.olean"],
  "m": false,
  "i": "d0a969fe12cb4829.ilean",
  "c": "68c5da53659cc641.c"},
 "log":
 [{"message":
   ".> LEAN_PATH=C:\\Users\\reems\\git-repositories\\GreensRelations\\.lake\\packages\\Cli\\.lake\\build\\lib\\lean;C:\\Users\\reems\\git-repositories\\GreensRelations\\.lake\\packages\\batteries\\.lake\\build\\lib\\lean;C:\\Users\\reems\\git-repositories\\GreensRelations\\.lake\\packages\\Qq\\.lake\\build\\lib\\lean;C:\\Users\\reems\\git-repositories\\GreensRelations\\.lake\\packages\\aesop\\.lake\\build\\lib\\lean;C:\\Users\\reems\\git-repositories\\GreensRelations\\.lake\\packages\\proofwidgets\\.lake\\build\\lib\\lean;C:\\Users\\reems\\git-repositories\\GreensRelations\\.lake\\packages\\importGraph\\.lake\\build\\lib\\lean;C:\\Users\\reems\\git-repositories\\GreensRelations\\.lake\\packages\\LeanSearchClient\\.lake\\build\\lib\\lean;C:\\Users\\reems\\git-repositories\\GreensRelations\\.lake\\packages\\plausible\\.lake\\build\\lib\\lean;C:\\Users\\reems\\git-repositories\\GreensRelations\\.lake\\packages\\mathlib\\.lake\\build\\lib\\lean;C:\\Users\\reems\\git-repositories\\GreensRelations\\.lake\\build\\lib\\lean c:\\Users\\reems\\.elan\\toolchains\\leanprover--lean4---v4.33.0-rc1\\bin\\lean.exe C:\\Users\\reems\\git-repositories\\GreensRelations\\GreensRelations\\Order.lean -o C:\\Users\\reems\\git-repositories\\GreensRelations\\.lake\\build\\lib\\lean\\GreensRelations\\Order.olean -i C:\\Users\\reems\\git-repositories\\GreensRelations\\.lake\\build\\lib\\lean\\GreensRelations\\Order.ilean -c C:\\Users\\reems\\git-repositories\\GreensRelations\\.lake\\build\\ir\\GreensRelations\\Order.c --setup C:\\Users\\reems\\git-repositories\\GreensRelations\\.lake\\build\\ir\\GreensRelations\\Order.setup.json --json",
   "level": "trace"}],
 "inputs":
 [["deps",
   [["GreensTheorems/GreensRelations:extraDep",
     [["@GreensTheorems:extraDep", "00000000000006bb"]]],
    ["imports",
     [["GreensRelations.Theorems transitive imports (legacy)",
       "594ee7f55a7edc12"],
      ["GreensRelations.Theorems:importAllArts", "b1cbd1d38ee76d81"]]]]],
  ["libs",
   [["import dynlibs", "00000000000006bb"],
    ["package external libraries", "00000000000006bb"],
    ["module dynlibs", "00000000000006bb"],
    ["module plugins", "00000000000006bb"]]],
  ["Lean 4.33.0, commit 62eed1db4d67327ec8120be05f1a1b0847d74561",
   "8fa8fbe052c71a8e"],
  ["C:\\Users\\reems\\git-repositories\\GreensRelations\\GreensRelations\\Order.lean",
   "ae4c5727202658e2"],
  ["options",
   [["-DmaxSynthPendingDepth=3", "c78e353d34de85d4"],
    ["-Dweak.linter.mathlibStandardSet=true", "8a155799906f2b42"],
    ["-DrelaxedAutoImplicit=false", "74a2b5546b55be80"],
    ["-Dpp.unicode.fun=true", "9b94070140457fab"]]],
  ["isModule: false", "feefd2a0d3a1847e"],
  ["Module.name: GreensRelations.Order", "a9031f95deddae42"],
  ["Package.id?: (some GreensTheorems)", "6ed9172dbfc8f471"],
  ["Module.leanArgs: #[]", "00000000000006bb"]],
 "depHash": "0ebe673f42a21d39"}