{"synthetic": false,
 "schemaVersion": "2025-09-10",
 "outputs":
 {"o": ["4b1582a801d88a81.olean"],
  "m": false,
  "i": "e13d8464bd7c5905.ilean",
  "c": "5e472c38f1dd0943.c"},
 "log":
 [{"message":
   ".> LEAN_PATH=C:\\Users\\reems\\git-repositories\\lean4-factorization-forest\\.lake\\packages\\Cli\\.lake\\build\\lib\\lean;C:\\Users\\reems\\git-repositories\\lean4-factorization-forest\\.lake\\packages\\batteries\\.lake\\build\\lib\\lean;C:\\Users\\reems\\git-repositories\\lean4-factorization-forest\\.lake\\packages\\Qq\\.lake\\build\\lib\\lean;C:\\Users\\reems\\git-repositories\\lean4-factorization-forest\\.lake\\packages\\aesop\\.lake\\build\\lib\\lean;C:\\Users\\reems\\git-repositories\\lean4-factorization-forest\\.lake\\packages\\proofwidgets\\.lake\\build\\lib\\lean;C:\\Users\\reems\\git-repositories\\lean4-factorization-forest\\.lake\\packages\\importGraph\\.lake\\build\\lib\\lean;C:\\Users\\reems\\git-repositories\\lean4-factorization-forest\\.lake\\packages\\LeanSearchClient\\.lake\\build\\lib\\lean;C:\\Users\\reems\\git-repositories\\lean4-factorization-forest\\.lake\\packages\\plausible\\.lake\\build\\lib\\lean;C:\\Users\\reems\\git-repositories\\lean4-factorization-forest\\.lake\\packages\\mathlib\\.lake\\build\\lib\\lean;C:\\Users\\reems\\git-repositories\\lean4-factorization-forest\\.lake\\build\\lib\\lean c:\\Users\\reems\\.elan\\toolchains\\leanprover--lean4---v4.33.0-rc1\\bin\\lean.exe C:\\Users\\reems\\git-repositories\\lean4-factorization-forest\\Project\\FactorizationForest\\Split.lean -o C:\\Users\\reems\\git-repositories\\lean4-factorization-forest\\.lake\\build\\lib\\lean\\Project\\FactorizationForest\\Split.olean -i C:\\Users\\reems\\git-repositories\\lean4-factorization-forest\\.lake\\build\\lib\\lean\\Project\\FactorizationForest\\Split.ilean -c C:\\Users\\reems\\git-repositories\\lean4-factorization-forest\\.lake\\build\\ir\\Project\\FactorizationForest\\Split.c --setup C:\\Users\\reems\\git-repositories\\lean4-factorization-forest\\.lake\\build\\ir\\Project\\FactorizationForest\\Split.setup.json --json",
   "level": "trace"}],
 "inputs":
 [["deps",
   [["Project/Project:extraDep", [["@Project:extraDep", "00000000000006bb"]]],
    ["imports",
     [["Project.FactorizationForest.Regular transitive imports (legacy)",
       "7b297f729c22bb94"],
      ["Project.FactorizationForest.Regular:importAllArts", "5bc64aca211b5977"],
      ["Project.FactorizationForest.Irregular transitive imports (legacy)",
       "7b297f729c22bb94"],
      ["Project.FactorizationForest.Irregular:importAllArts",
       "8ea28254f3efca44"]]]]],
  ["libs",
   [["import dynlibs", "00000000000006bb"],
    ["package external libraries", "00000000000006bb"],
    ["module dynlibs", "00000000000006bb"],
    ["module plugins", "00000000000006bb"]]],
  ["Lean 4.33.0, commit 62eed1db4d67327ec8120be05f1a1b0847d74561",
   "8fa8fbe052c71a8e"],
  ["C:\\Users\\reems\\git-repositories\\lean4-factorization-forest\\Project\\FactorizationForest\\Split.lean",
   "c83a9fedf1e48bcb"],
  ["options",
   [["-DmaxSynthPendingDepth=3", "c78e353d34de85d4"],
    ["-Dweak.linter.mathlibStandardSet=true", "8a155799906f2b42"],
    ["-DrelaxedAutoImplicit=false", "74a2b5546b55be80"],
    ["-Dpp.unicode.fun=true", "9b94070140457fab"]]],
  ["isModule: false", "feefd2a0d3a1847e"],
  ["Module.name: Project.FactorizationForest.Split", "7277e07e12714bd4"],
  ["Package.id?: (some Project)", "264312e6c45eec93"],
  ["Module.leanArgs: #[]", "00000000000006bb"]],
 "depHash": "5eb9cf7dd963f153"}